stm32f407xx_spi_drivers.c:29:6:SPI_PeriClkControl	16	static
stm32f407xx_spi_drivers.c:89:6:SPI_Init	24	static
stm32f407xx_spi_drivers.c:135:6:SPI_DeInit	16	static
stm32f407xx_spi_drivers.c:168:9:SPI_GetFlagStatus	16	static
stm32f407xx_spi_drivers.c:191:6:SPI_TransmitData	24	static
stm32f407xx_spi_drivers.c:225:6:SPI_ReceiveData	24	static
stm32f407xx_spi_drivers.c:249:6:SPI_TransmitData_IT	32	static
stm32f407xx_spi_drivers.c:262:6:SPI_ReceiveData_IT	32	static
stm32f407xx_spi_drivers.c:287:6:SPI_SSI_Config	16	static
stm32f407xx_spi_drivers.c:309:6:SPI_PeripheralControl	16	static
stm32f407xx_spi_drivers.c:333:6:SPI_IQRInterrupt_Config	16	static
stm32f407xx_spi_drivers.c:382:6:SPI_IQRPriority_Config	24	static
stm32f407xx_spi_drivers.c:403:6:SPI_IQR_Handling	24	static
stm32f407xx_spi_drivers.c:440:14:spi_rx_interrupt_handle	16	static
stm32f407xx_spi_drivers.c:469:14:spi_tx_interrupt_handle	16	static
stm32f407xx_spi_drivers.c:498:13:spi_over_err_interrupt_handle	24	static
stm32f407xx_spi_drivers.c:514:13:SPI_applicationEventCallBack	16	static
